// Jest Snapshot v1, https://goo.gl/fbAQLP

exports[`<DetailsPreview /> renders correctly 1`] = `
<div
  className="sc-bdfBwQ bBeRob"
>
  <div
    className="sc-gsTCUz kBMueP"
  >
    <div
      className="sc-jSgupP fCrqkn"
    />
    <div
      className="sc-dlfnbm cxRrbB"
    >
      <h1
        className="sc-hKgILt ezwIag"
      />
      <h2
        className="sc-eCssSg ibNsou"
      />
    </div>
    <p
      className="sc-gKsewC gJWLlR"
    />
  </div>
</div>
`;
