// Jest Snapshot v1, https://goo.gl/fbAQLP

exports[`<VenueHero /> renders correctly 1`] = `
<div
  className="sc-gsTCUz cRmWiU"
>
  <div
    className="sc-jSgupP fnAQnX"
  />
  <div
    className="sc-dlfnbm cxRrbB"
  >
    <h1
      className="sc-hKgILt kLrxSF"
    />
    <h2
      className="sc-eCssSg fRLehA"
    />
  </div>
  <p
    className="sc-gKsewC dravmq"
  />
</div>
`;
