// Jest Snapshot v1, https://goo.gl/fbAQLP

exports[`<FileButton /> renders correctly 1`] = `
<div
  className="sc-gsTCUz bsXUus"
>
  <label
    className="sc-bdfBwQ sc-dlfnbm eqEdkr cbbQCX"
    htmlFor="backgroundMap"
  >
    Import a map background
  </label>
  <input
    hidden={true}
    id="backgroundMap"
    onChange={[Function]}
    type="file"
  />
  <span
    className="sc-hKgILt fwiLOX"
  >
    Recommended size: 2000px / 1200px
  </span>
</div>
`;
